Re-verifying 120 CIKs via Wayback (correct URLs)
[  1/120] 1605888 ATLN   snaps=6 -> not_found
[  2/120] 1836470 SRAD   snaps=10 -> not_found
[  3/120] 1841675 ARBK   snaps=12 -> not_found
[  4/120] 1804469 GFAI   snaps=2 -> not_found
[  5/120] 1829794 EMPD   snaps=0 -> not_found
[  6/120] 1615055 -      snaps=0 -> not_found
[  7/120] 1419554 BBLG   snaps=0 -> not_found
[  8/120] 1840229 INKT   snaps=0 -> not_found
[  9/120] 1856028 -      snaps=2 -> not_found
[ 10/120] 1653384 RWAY   snaps=1 -> not_found
[ 11/120] 1844392 MRAI   snaps=1 -> found (on_time)
[ 12/120] 1709048 GFS    snaps=6 -> not_found
[ 13/120] 1870940 AIRS   snaps=5 -> not_found
[ 14/120] 1831283 LIANY  snaps=2 -> not_found
[ 15/120] 1392694 SURG   snaps=2 -> not_found
[ 16/120] 1872529 MDXH   snaps=3 -> not_found
[ 17/120] 1871149 -      snaps=1 -> not_found
[ 18/120] 1718224 BTBD   snaps=2 -> not_found
[ 19/120] 1840416 SSM    snaps=7 -> not_found
[ 20/120] 1815436 -      -> NO URLS FOUND
[ 21/120] 1769697 FNUC   snaps=12 -> not_found
[ 22/120] 1876581 IMPP   snaps=12 -> not_found
[ 23/120] 1187953 CELZ   snaps=1 -> found (on_time)
[ 24/120] 1720671 -      snaps=6 -> not_found
[ 25/120] 1875091 NRSN   snaps=2 -> found (on_time)
[ 26/120] 1084267 MOBQ   snaps=1 -> not_found
[ 27/120] 1838716 GNTA   snaps=8 -> not_found
[ 28/120] 1873835 IMMX   snaps=7 -> not_found
[ 29/120] 1070050 APCX   snaps=12 -> not_found
[ 30/120] 1658551 AMLX   snaps=1 -> not_found
[ 31/120] 1868734 -      snaps=0 -> not_found
[ 32/120] 1874875 HOUR   snaps=0 -> not_found
[ 33/120] 1861657 CNTN   snaps=0 -> not_found
[ 34/120] 1880661 TPG    snaps=2 -> not_found
[ 35/120] 1777319 CISO   snaps=12 -> not_found
[ 36/120] 1864943 FGI    snaps=2 -> not_found
[ 37/120] 1872964 MTEK   snaps=0 -> not_found
[ 38/120] 1786205 ACLX   snaps=0 -> not_found
[ 39/120] 1875558 NVCT   snaps=0 -> not_found
[ 40/120] 1648087 AREB   snaps=7 -> not_found
[ 41/120] 1892322 HTCR   snaps=6 -> not_found
[ 42/120] 1880613 DRCT   snaps=0 -> not_found
[ 43/120] 1872812 -      snaps=0 -> not_found
[ 44/120] 1482541 BNC    snaps=0 -> not_found
[ 45/120] 1450704 VIVK   snaps=5 -> not_found
[ 46/120] 1835615 MHUAF  snaps=0 -> not_found
[ 47/120] 1851860 -      snaps=0 -> not_found
[ 48/120] 1402328 SBFM   snaps=2 -> not_found
[ 49/120] 1888014 AKAN   snaps=5 -> not_found
[ 50/120] 1880438 ANTX   snaps=0 -> not_found
[ 51/120] 1894954 XPON   snaps=0 -> not_found
[ 52/120] 1737995 STSS   snaps=6 -> not_found
[ 53/120] 1635077 ACON   snaps=6 -> not_found
[ 54/120] 1905511 JCSE   snaps=3 -> not_found
[ 55/120] 1560293 TNON   snaps=4 -> not_found
[ 56/120] 1141284 ASNS   snaps=14 -> not_found
[ 57/120] 1886799 -      snaps=12 -> not_found
[ 58/120] 1849296 OKYO   snaps=4 -> not_found
[ 59/120] 1892274 GV     snaps=0 -> not_found
[ 60/120] 923601 RIME   snaps=1 -> not_found
[ 61/120] 1879848 PEVM   snaps=7 -> not_found
[ 62/120] 1468492 HSCS   snaps=3 -> not_found
[ 63/120] 1816319 LYTHF  snaps=0 -> not_found
[ 64/120] 1674440 YYAI   snaps=0 -> not_found
[ 65/120] 1826376 GSUN   snaps=0 -> not_found
[ 66/120] 1872302 NA     snaps=1 -> found (late)
[ 67/120] 1885827 VRAX   snaps=10 -> not_found
[ 68/120] 1886362 MGAM   snaps=3 -> not_found
[ 69/120] 1748137 NEOV   snaps=4 -> found (on_time)
[ 70/120] 1913210 -      snaps=3 -> not_found
[ 71/120] 1881472 MEGL   snaps=0 -> not_found
[ 72/120] 1425355 SUIG   snaps=0 -> not_found
[ 73/120] 1014763 AIMD   snaps=0 -> not_found
[ 74/120] 1905956 TGL    snaps=0 -> not_found
[ 75/120] 1885408 NEXR   snaps=6 -> not_found
[ 76/120] 1892480 -      snaps=12 -> not_found
[ 77/120] 1650101 ATXG   snaps=18 -> not_found
[ 78/120] 1712762 BIAF   snaps=6 -> not_found
[ 79/120] 1898604 VSTD   snaps=6 -> not_found
[ 80/120] 1887673 WLDS   snaps=6 -> not_found
[ 81/120] 1807887 LASE   snaps=12 -> not_found
[ 82/120] 1921865 ASPI   snaps=0 -> not_found
[ 83/120] 1892500 CMND   snaps=0 -> not_found
[ 84/120] 1884072 -      snaps=0 -> not_found
[ 85/120] 1902794 -      snaps=1 -> not_found
[ 86/120] 1519449 SKWD   snaps=0 -> not_found
[ 87/120] 1939965 SLMT   snaps=0 -> not_found
[ 88/120] 1920406 ASST   snaps=2 -> not_found
[ 89/120] 1888886 GPCR   snaps=0 -> not_found
[ 90/120] 1865127 -      snaps=2 -> not_found
[ 91/120] 1933414 MLYS   snaps=0 -> not_found
[ 92/120] 1829247 BFRG   snaps=2 -> not_found
[ 93/120] 1895618 GXAI   snaps=0 -> not_found
[ 94/120] 1611282 -      snaps=6 -> not_found
[ 95/120] 1938046 MGRX   snaps=4 -> not_found
[ 96/120] 1875496 -      -> NO URLS FOUND
[ 97/120] 1948455 ISPR   snaps=4 -> not_found
[ 98/120] 1930179 ARBB   snaps=0 -> not_found
[ 99/120] 1899658 WLGSF  snaps=0 -> not_found
[100/120] 1951067 CISS   snaps=0 -> not_found
[101/120] 1962481 BOF    snaps=1 -> not_found
[102/120] 1891856 GENK   snaps=0 -> not_found
[103/120] 1823584 AENT   snaps=2 -> not_found
[104/120] 1765850 AURE   snaps=0 -> not_found
[105/120] 1737523 BGLC   snaps=2 -> not_found
[106/120] 1805526 DFDV   snaps=8 -> not_found
[107/120] 1911545 GITS   snaps=2 -> not_found
[108/120] 1904286 MIRA   snaps=0 -> not_found
[109/120] 1928581 GMEX   snaps=0 -> not_found
[110/120] 1843165 YHC    snaps=0 -> not_found
[111/120] 1935418 FMST   snaps=0 -> not_found
[112/120] 1948697 SPPL   snaps=6 -> not_found
[113/120] 1825367 -      snaps=8 -> not_found
[114/120] 1963439 TURB   snaps=0 -> not_found
[115/120] 1922335 SYRA   snaps=0 -> not_found
[116/120] 1713210 ATPC   snaps=3 -> not_found
[117/120] 1907108 LXEO   snaps=12 -> not_found
[118/120] 1963685 RR     snaps=0 -> not_found
[119/120] 1840563 ELAB   snaps=1 -> not_found
[120/120] 1961847 INHD   snaps=4 -> not_found

Done. Found 5/120. No URLs for 2. Report -> /Users/shayb/NASDAQ_RESEARCH/build/reverification_matured_wayback2.csv
