Re-verifying 120 CIKs via Wayback snapshots
Loaded website candidates for 120 CIKs
[  1/120] 1605888 ATLN   urls=5 snaps=0 -> not_found
[  2/120] 1836470 SRAD   urls=5 snaps=0 -> not_found
[  3/120] 1841675 ARBK   urls=5 snaps=0 -> not_found
[  4/120] 1804469 GFAI   urls=5 snaps=0 -> not_found
[  5/120] 1829794 EMPD   urls=5 snaps=0 -> not_found
[  6/120] 1615055 -      urls=5 snaps=0 -> not_found
[  7/120] 1419554 BBLG   urls=5 snaps=0 -> not_found
[  8/120] 1840229 INKT   urls=5 snaps=0 -> not_found
[  9/120] 1856028 -      urls=5 snaps=0 -> not_found
[ 10/120] 1653384 RWAY   urls=5 snaps=0 -> not_found
[ 11/120] 1844392 MRAI   urls=5 snaps=0 -> not_found
[ 12/120] 1709048 GFS    urls=5 snaps=0 -> not_found
[ 13/120] 1870940 AIRS   urls=5 snaps=0 -> not_found
[ 14/120] 1831283 LIANY  urls=5 snaps=0 -> not_found
[ 15/120] 1392694 SURG   urls=5 snaps=0 -> not_found
[ 16/120] 1872529 MDXH   urls=5 snaps=0 -> not_found
[ 17/120] 1871149 -      urls=5 snaps=0 -> not_found
[ 18/120] 1718224 BTBD   urls=5 snaps=0 -> not_found
[ 19/120] 1840416 SSM    urls=5 snaps=0 -> not_found
[ 20/120] 1815436 -      urls=1 snaps=0 -> not_found
[ 21/120] 1769697 FNUC   urls=5 snaps=0 -> not_found
[ 22/120] 1876581 IMPP   urls=5 snaps=0 -> not_found
[ 23/120] 1187953 CELZ   urls=5 snaps=0 -> not_found
[ 24/120] 1720671 -      urls=5 snaps=0 -> not_found
[ 25/120] 1875091 NRSN   urls=5 snaps=0 -> not_found
